12:03:46 **** Build of configuration Debug for project queue_uart_cmd_handler ****
make all 
make --no-print-directory pre-build
a9-linaro-pre-build-step
' '
make --no-print-directory main-build
'Building file: ../src/utilities/cmd_handler64B.c'
'Invoking: ARM v7 gcc compiler'
arm-none-eabi-gcc -Wall -O0 -g3 -c -fmessage-length=0 -MT"src/utilities/cmd_handler64B.o" -mcpu=cortex-a9 -mfpu=vfpv3 -mfloat-abi=hard -IF:/Documents/GitHub/zynq-freertos-sandbox/2023.2/zybo-z7-20/hw-proj1/vitis_classic/freertos_single_core_pfm/export/freertos_single_core_pfm/sw/freertos_single_core_pfm/freertos10_xilinx_domain/bspinclude/include -MMD -MP -MF"src/utilities/cmd_handler64B.d" -MT"src/utilities/cmd_handler64B.o" -o "src/utilities/cmd_handler64B.o" "../src/utilities/cmd_handler64B.c"
'Finished building: ../src/utilities/cmd_handler64B.c'
' '
'Building file: ../src/uart/ps7_uart1_if.c'
'Invoking: ARM v7 gcc compiler'
arm-none-eabi-gcc -Wall -O0 -g3 -c -fmessage-length=0 -MT"src/uart/ps7_uart1_if.o" -mcpu=cortex-a9 -mfpu=vfpv3 -mfloat-abi=hard -IF:/Documents/GitHub/zynq-freertos-sandbox/2023.2/zybo-z7-20/hw-proj1/vitis_classic/freertos_single_core_pfm/export/freertos_single_core_pfm/sw/freertos_single_core_pfm/freertos10_xilinx_domain/bspinclude/include -MMD -MP -MF"src/uart/ps7_uart1_if.d" -MT"src/uart/ps7_uart1_if.o" -o "src/uart/ps7_uart1_if.o" "../src/uart/ps7_uart1_if.c"
'Finished building: ../src/uart/ps7_uart1_if.c'
' '
'Building file: ../src/scugic/ps7_scugic_if.c'
'Invoking: ARM v7 gcc compiler'
arm-none-eabi-gcc -Wall -O0 -g3 -c -fmessage-length=0 -MT"src/scugic/ps7_scugic_if.o" -mcpu=cortex-a9 -mfpu=vfpv3 -mfloat-abi=hard -IF:/Documents/GitHub/zynq-freertos-sandbox/2023.2/zybo-z7-20/hw-proj1/vitis_classic/freertos_single_core_pfm/export/freertos_single_core_pfm/sw/freertos_single_core_pfm/freertos10_xilinx_domain/bspinclude/include -MMD -MP -MF"src/scugic/ps7_scugic_if.d" -MT"src/scugic/ps7_scugic_if.o" -o "src/scugic/ps7_scugic_if.o" "../src/scugic/ps7_scugic_if.c"
'Finished building: ../src/scugic/ps7_scugic_if.c'
' '
'Building file: ../src/gpio/axi_gpio0_if.c'
'Invoking: ARM v7 gcc compiler'
arm-none-eabi-gcc -Wall -O0 -g3 -c -fmessage-length=0 -MT"src/gpio/axi_gpio0_if.o" -mcpu=cortex-a9 -mfpu=vfpv3 -mfloat-abi=hard -IF:/Documents/GitHub/zynq-freertos-sandbox/2023.2/zybo-z7-20/hw-proj1/vitis_classic/freertos_single_core_pfm/export/freertos_single_core_pfm/sw/freertos_single_core_pfm/freertos10_xilinx_domain/bspinclude/include -MMD -MP -MF"src/gpio/axi_gpio0_if.d" -MT"src/gpio/axi_gpio0_if.o" -o "src/gpio/axi_gpio0_if.o" "../src/gpio/axi_gpio0_if.c"
'Finished building: ../src/gpio/axi_gpio0_if.c'
' '
'Building file: ../src/gpio/axi_gpio1_if.c'
'Invoking: ARM v7 gcc compiler'
arm-none-eabi-gcc -Wall -O0 -g3 -c -fmessage-length=0 -MT"src/gpio/axi_gpio1_if.o" -mcpu=cortex-a9 -mfpu=vfpv3 -mfloat-abi=hard -IF:/Documents/GitHub/zynq-freertos-sandbox/2023.2/zybo-z7-20/hw-proj1/vitis_classic/freertos_single_core_pfm/export/freertos_single_core_pfm/sw/freertos_single_core_pfm/freertos10_xilinx_domain/bspinclude/include -MMD -MP -MF"src/gpio/axi_gpio1_if.d" -MT"src/gpio/axi_gpio1_if.o" -o "src/gpio/axi_gpio1_if.o" "../src/gpio/axi_gpio1_if.c"
'Finished building: ../src/gpio/axi_gpio1_if.c'
' '
'Building file: ../src/gpio/ps7_gpio_if.c'
'Invoking: ARM v7 gcc compiler'
arm-none-eabi-gcc -Wall -O0 -g3 -c -fmessage-length=0 -MT"src/gpio/ps7_gpio_if.o" -mcpu=cortex-a9 -mfpu=vfpv3 -mfloat-abi=hard -IF:/Documents/GitHub/zynq-freertos-sandbox/2023.2/zybo-z7-20/hw-proj1/vitis_classic/freertos_single_core_pfm/export/freertos_single_core_pfm/sw/freertos_single_core_pfm/freertos10_xilinx_domain/bspinclude/include -MMD -MP -MF"src/gpio/ps7_gpio_if.d" -MT"src/gpio/ps7_gpio_if.o" -o "src/gpio/ps7_gpio_if.o" "../src/gpio/ps7_gpio_if.c"
'Finished building: ../src/gpio/ps7_gpio_if.c'
' '
'Building file: ../src/queue_uart_cmd_handler.c'
'Invoking: ARM v7 gcc compiler'
arm-none-eabi-gcc -Wall -O0 -g3 -c -fmessage-length=0 -MT"src/queue_uart_cmd_handler.o" -mcpu=cortex-a9 -mfpu=vfpv3 -mfloat-abi=hard -IF:/Documents/GitHub/zynq-freertos-sandbox/2023.2/zybo-z7-20/hw-proj1/vitis_classic/freertos_single_core_pfm/export/freertos_single_core_pfm/sw/freertos_single_core_pfm/freertos10_xilinx_domain/bspinclude/include -MMD -MP -MF"src/queue_uart_cmd_handler.d" -MT"src/queue_uart_cmd_handler.o" -o "src/queue_uart_cmd_handler.o" "../src/queue_uart_cmd_handler.c"
'Finished building: ../src/queue_uart_cmd_handler.c'
' '
'Building target: queue_uart_cmd_handler.elf'
'Invoking: ARM v7 gcc linker'
arm-none-eabi-gcc -mcpu=cortex-a9 -mfpu=vfpv3 -mfloat-abi=hard -Wl,-build-id=none -specs=Xilinx.spec -Wl,-T -Wl,../src/lscript.ld -LF:/Documents/GitHub/zynq-freertos-sandbox/2023.2/zybo-z7-20/hw-proj1/vitis_classic/freertos_single_core_pfm/export/freertos_single_core_pfm/sw/freertos_single_core_pfm/freertos10_xilinx_domain/bsplib/lib -o "queue_uart_cmd_handler.elf"  ./src/utilities/cmd_handler64B.o  ./src/uart/ps7_uart1_if.o  ./src/scugic/ps7_scugic_if.o  ./src/gpio/axi_gpio0_if.o ./src/gpio/axi_gpio1_if.o ./src/gpio/ps7_gpio_if.o  ./src/queue_uart_cmd_handler.o   -Wl,--start-group,-lxil,-lfreertos,-lgcc,-lc,--end-group
'Finished building target: queue_uart_cmd_handler.elf'
' '
'Invoking: ARM v7 Print Size'
arm-none-eabi-size queue_uart_cmd_handler.elf  |tee "queue_uart_cmd_handler.elf.size"
   text	   data	    bss	    dec	    hex	filename
 110088	   3728	  88984	 202800	  31830	queue_uart_cmd_handler.elf
'Finished building: queue_uart_cmd_handler.elf.size'
' '

12:03:49 Build Finished (took 2s.887ms)

