#-----------------------------------------------------------
# Vivado v2023.2 (64-bit)
# SW Build 4029153 on Fri Oct 13 20:14:34 MDT 2023
# IP Build 4028589 on Sat Oct 14 00:45:43 MDT 2023
# SharedData Build 4025554 on Tue Oct 10 17:18:54 MDT 2023
# Start of session at: Wed Jan  3 10:38:41 2024
# Process ID: 6388
# Current directory: F:/Documents/GitHub/zynq-freertos-sandbox/2023.2/zybo-z7-20/hw-proj1/hw-proj1.runs/impl_1
# Command line: vivado.exe -log hw_proj1_wrapper.vdi -applog -product Vivado -messageDb vivado.pb -mode batch -source hw_proj1_wrapper.tcl -notrace
# Log file: F:/Documents/GitHub/zynq-freertos-sandbox/2023.2/zybo-z7-20/hw-proj1/hw-proj1.runs/impl_1/hw_proj1_wrapper.vdi
# Journal file: F:/Documents/GitHub/zynq-freertos-sandbox/2023.2/zybo-z7-20/hw-proj1/hw-proj1.runs/impl_1\vivado.jou
# Running On: DESKTOP-67Q8VTQ, OS: Windows, CPU Frequency: 3498 MHz, CPU Physical cores: 4, Host memory: 17119 MB
#-----------------------------------------------------------
source hw_proj1_wrapper.tcl -notrace
